<area shape="rect" href="Client.html" title="Compound Module Client" alt="Client" coords="7,16,79,40">
<area shape="rect" href="ClientFilterDiagonal.html" title="Simple Module ClientFilterDiagonal" alt="ClientFilterDiagonal" coords="103,16,225,40">
<area shape="rect" href="ClientFilterDL.html" title="Simple Module ClientFilterDL" alt="ClientFilterDL" coords="249,16,337,40">
<area shape="rect" href="ClientFilterDR.html" title="Simple Module ClientFilterDR" alt="ClientFilterDR" coords="361,16,452,40">
<area shape="rect" href="ClientFilterH.html" title="Simple Module ClientFilterH" alt="ClientFilterH" coords="476,16,556,40">
<area shape="rect" href="ClientFilterStraight.html" title="Simple Module ClientFilterStraight" alt="ClientFilterStraight" coords="580,16,697,40">
<area shape="rect" href="ClientFilterV.html" title="Simple Module ClientFilterV" alt="ClientFilterV" coords="721,16,804,40">
<area shape="rect" href="ClientProcessor.html" title="Simple Module ClientProcessor" alt="ClientProcessor" coords="828,16,932,40">
<area shape="rect" href="ClientPublicInterface.html" title="Simple Module ClientPublicInterface" alt="ClientPublicInterface" coords="956,16,1084,40">
<area shape="rect" href="ClientQuantumInterface.html" title="Simple Module ClientQuantumInterface" alt="ClientQuantumInterface" coords="1108,16,1252,40">
<area shape="rect" href="ned.DatarateChannel.html" title="Channel DatarateChannel" alt="DatarateChannel" coords="1276,16,1383,40">
<area shape="rect" href="ned.DelayChannel.html" title="Channel DelayChannel" alt="DelayChannel" coords="1407,16,1497,40">
<area shape="rect" href="ned.IBidirectionalChannel.html" title="Module Interface IBidirectionalChannel" alt="IBidirectionalChannel" coords="1521,16,1652,40">
<area shape="rect" href="ned.IdealChannel.html" title="Channel IdealChannel" alt="IdealChannel" coords="1676,16,1761,40">
<area shape="rect" href="ned.IUnidirectionalChannel.html" title="Module Interface IUnidirectionalChannel" alt="IUnidirectionalChannel" coords="1785,16,1924,40">
<area shape="rect" href="Network.html" title="Network Network" alt="Network" coords="1948,16,2020,40">
<area shape="rect" href="ProcessingQueue.html" title="Simple Module ProcessingQueue" alt="ProcessingQueue" coords="2044,16,2156,40">
<area shape="rect" href="Processor.html" title="Simple Module Processor" alt="Processor" coords="2180,16,2252,40">
<area shape="rect" href="QuantumStatesGenerator.html" title="Simple Module QuantumStatesGenerator" alt="QuantumStatesGenerator" coords="2276,16,2436,40">
<area shape="rect" href="QuantumStatesQueue.html" title="Simple Module QuantumStatesQueue" alt="QuantumStatesQueue" coords="2460,16,2599,40">
<area shape="rect" href="Switch.html" title="Compound Module Switch" alt="Switch" coords="2623,16,2695,40">
<area shape="rect" href="SwitchPublicInterface.html" title="Simple Module SwitchPublicInterface" alt="SwitchPublicInterface" coords="2719,16,2852,40">
<area shape="rect" href="SwitchQuantumInterface.html" title="Simple Module SwitchQuantumInterface" alt="SwitchQuantumInterface" coords="2876,16,3028,40">
